.\venv\Scripts\python : INFO:app.
tools.booking_tool:\U0001f4dd 
Loading Google Calendar token...
At line:1 char:1
+ .\venv\Scripts\python -m 
tests.test_async_booking > 
test_output.txt 2 ...
+ ~~~~~~~~~~~~~~~~~~~~~~~~~~~~~~~
~~~~~~~~~~~~~~~~~~~~~~~~~~~~~~~~~
~~~~~
    + CategoryInfo          : No 
   tSpecified: (INFO:app.tools.  
  ...lendar token...:String) [   
 ], RemoteException
    + FullyQualifiedErrorId : Na 
   tiveCommandError
 
INFO:googleapiclient.discovery_ca
che:file_cache is only supported 
with oauth2client<4.0.0
INFO:app.tools.booking_tool:\u270
5 Google Calendar authenticated
INFO:app.tools.booking_tool:\U000
1f4e5 Booking Request: 
date=2025-11-27, time=10:00 AM, 
reason=Test
INFO:app.tools.booking_tool:\U000
1f4c5 Parsed date=2025-11-27, 
time=10:00 AM, reason=Test
ERROR:app.tools.booking_tool:\u27
4c Error in booking_agent_tool: 
object bool can't be used in 
'await' expression
Traceback (most recent call 
last):
  File "D:\VS Code\AI Chat Assist
ant\app\tools\booking_tool.py", 
line 308, in booking_agent_tool
    is_available = await calendar
_manager.is_slot_available(date_s
tr, time_str)
                   ^^^^^^^^^^^^^^
^^^^^^^^^^^^^^^^^^^^^^^^^^^^^^^^^
^^^^^^^^^^^^^
TypeError: object bool can't be 
used in 'await' expression
Traceback (most recent call 
last):
  File "<frozen runpy>", line 
198, in _run_module_as_main
  File "<frozen runpy>", line 
88, in _run_code
  File "D:\VS Code\AI Chat Assist
ant\tests\test_async_booking.py",
 line 62, in <module>
    asyncio.run(run_tests())
    ~~~~~~~~~~~^^^^^^^^^^^^^
  File "C:\Users\abhid\AppData\Lo
cal\Programs\Python\Python313\Lib
\asyncio\runners.py", line 195, 
in run
    return runner.run(main)
           ~~~~~~~~~~^^^^^^
  File "C:\Users\abhid\AppData\Lo
cal\Programs\Python\Python313\Lib
\asyncio\runners.py", line 118, 
in run
    return self._loop.run_until_c
omplete(task)
           ~~~~~~~~~~~~~~~~~~~~~~
~~~~~~~^^^^^^
  File "C:\Users\abhid\AppData\Lo
cal\Programs\Python\Python313\Lib
\asyncio\base_events.py", line 
719, in run_until_complete
    return future.result()
           ~~~~~~~~~~~~~^^
  File "D:\VS Code\AI Chat Assist
ant\tests\test_async_booking.py",
 line 55, in run_tests
    await 
test_booking_agent_tool_async()
  File "D:\VS Code\AI Chat Assist
ant\tests\test_async_booking.py",
 line 30, in 
test_booking_agent_tool_async
    assert "Appointment booked" 
in result
           
^^^^^^^^^^^^^^^^^^^^^^^^^^^^^^
AssertionError
DEBUG: Starting ChatPersistence init
DEBUG: URI=https://in03-b7c0869884275f9.serverless.aws-eu-central-1.cloud.zilliz.com, TOKEN=set, COLLECTION_NAME=chat_conversations
DEBUG: Using token for MilvusClient
DEBUG: Initialized SentenceTransformer and MilvusClient
DEBUG: Enter _create_collection
DEBUG: list_collections = ['chat_conversations', 'conversations']
DEBUG: Collection 'chat_conversations' already exists
DEBUG: Attempt to create index...
DEBUG: create_index finished
DEBUG: Collection 'chat_conversations' loaded successfully
Running test_booking_agent_tool_async...
DEBUG: Result: Something went wrong while booking. Try again.
